Archive member included because of file (symbol)

/usr/local/CrossPack-AVR-20120217/lib/gcc/avr/4.5.1/avr51/libgcc.a(_prologue.o)
                              main.o (__prologue_saves__)
/usr/local/CrossPack-AVR-20120217/lib/gcc/avr/4.5.1/avr51/libgcc.a(_epilogue.o)
                              display/display.o (__epilogue_restores__)
/usr/local/CrossPack-AVR-20120217/lib/gcc/avr/4.5.1/avr51/libgcc.a(_exit.o)
                              /usr/local/CrossPack-AVR-20120217/lib/gcc/avr/4.5.1/../../../../avr/lib/avr51/crtcan128.o (exit)
/usr/local/CrossPack-AVR-20120217/lib/gcc/avr/4.5.1/avr51/libgcc.a(_tablejump.o)
                              can_std/can_lib.o (__tablejump2__)
/usr/local/CrossPack-AVR-20120217/lib/gcc/avr/4.5.1/avr51/libgcc.a(_copy_data.o)
                              main.o (__do_copy_data)
/usr/local/CrossPack-AVR-20120217/lib/gcc/avr/4.5.1/avr51/libgcc.a(_clear_bss.o)
                              main.o (__do_clear_bss)
/usr/local/CrossPack-AVR-20120217/lib/gcc/avr/4.5.1/avr51/libgcc.a(_fixunssfsi.o)
                              can.o (__fixunssfsi)
/usr/local/CrossPack-AVR-20120217/lib/gcc/avr/4.5.1/avr51/libgcc.a(_addsub_sf.o)
                              can.o (__addsf3)
/usr/local/CrossPack-AVR-20120217/lib/gcc/avr/4.5.1/avr51/libgcc.a(_mul_sf.o)
                              can.o (__mulsf3)
/usr/local/CrossPack-AVR-20120217/lib/gcc/avr/4.5.1/avr51/libgcc.a(_ge_sf.o)
                              /usr/local/CrossPack-AVR-20120217/lib/gcc/avr/4.5.1/avr51/libgcc.a(_fixunssfsi.o) (__gesf2)
/usr/local/CrossPack-AVR-20120217/lib/gcc/avr/4.5.1/avr51/libgcc.a(_si_to_sf.o)
                              can.o (__floatsisf)
/usr/local/CrossPack-AVR-20120217/lib/gcc/avr/4.5.1/avr51/libgcc.a(_sf_to_si.o)
                              /usr/local/CrossPack-AVR-20120217/lib/gcc/avr/4.5.1/avr51/libgcc.a(_fixunssfsi.o) (__fixsfsi)
/usr/local/CrossPack-AVR-20120217/lib/gcc/avr/4.5.1/avr51/libgcc.a(_thenan_sf.o)
                              /usr/local/CrossPack-AVR-20120217/lib/gcc/avr/4.5.1/avr51/libgcc.a(_addsub_sf.o) (__thenan_sf)
/usr/local/CrossPack-AVR-20120217/lib/gcc/avr/4.5.1/avr51/libgcc.a(_clzsi2.o)
                              /usr/local/CrossPack-AVR-20120217/lib/gcc/avr/4.5.1/avr51/libgcc.a(_si_to_sf.o) (__clzsi2)
/usr/local/CrossPack-AVR-20120217/lib/gcc/avr/4.5.1/avr51/libgcc.a(_pack_sf.o)
                              /usr/local/CrossPack-AVR-20120217/lib/gcc/avr/4.5.1/avr51/libgcc.a(_addsub_sf.o) (__pack_f)
/usr/local/CrossPack-AVR-20120217/lib/gcc/avr/4.5.1/avr51/libgcc.a(_unpack_sf.o)
                              /usr/local/CrossPack-AVR-20120217/lib/gcc/avr/4.5.1/avr51/libgcc.a(_addsub_sf.o) (__unpack_f)
/usr/local/CrossPack-AVR-20120217/lib/gcc/avr/4.5.1/avr51/libgcc.a(_fpcmp_parts_sf.o)
                              /usr/local/CrossPack-AVR-20120217/lib/gcc/avr/4.5.1/avr51/libgcc.a(_ge_sf.o) (__fpcmp_parts_f)
/usr/local/CrossPack-AVR-20120217/lib/gcc/avr/4.5.1/avr51/libgcc.a(_clz.o)
                              /usr/local/CrossPack-AVR-20120217/lib/gcc/avr/4.5.1/avr51/libgcc.a(_clzsi2.o) (__clz_tab)
/usr/local/CrossPack-AVR-20120217/lib/gcc/avr/4.5.1/../../../../avr/lib/avr51/libc.a(itoa.o)
                              can.o (itoa)
/usr/local/CrossPack-AVR-20120217/lib/gcc/avr/4.5.1/../../../../avr/lib/avr51/libc.a(strrev.o)
                              /usr/local/CrossPack-AVR-20120217/lib/gcc/avr/4.5.1/../../../../avr/lib/avr51/libc.a(itoa.o) (strrev)
/usr/local/CrossPack-AVR-20120217/lib/gcc/avr/4.5.1/avr51/libgcc.a(_udivmodhi4.o)
                              /usr/local/CrossPack-AVR-20120217/lib/gcc/avr/4.5.1/../../../../avr/lib/avr51/libc.a(itoa.o) (__udivmodhi4)

Allocating common symbols
Common symbol       size              file

tx_remote_msg       0xe               can.o
tempchar            0xa               functions.o

Memory Configuration

Name             Origin             Length             Attributes
text             0x00000000         0x00020000         xr
data             0x00800100         0x0000ff00         rw !x
eeprom           0x00810000         0x00010000         rw !x
fuse             0x00820000         0x00000400         rw !x
lock             0x00830000         0x00000400         rw !x
signature        0x00840000         0x00000400         rw !x
*default*        0x00000000         0xffffffff

Linker script and memory map

Address of section .data set to 0x800100
LOAD /usr/local/CrossPack-AVR-20120217/lib/gcc/avr/4.5.1/../../../../avr/lib/avr51/crtcan128.o
LOAD main.o
LOAD twi/twi.o
LOAD display/display.o
LOAD functions.o
LOAD can.o
LOAD can_std/can_drv.o
LOAD can_std/can_lib.o
LOAD data.o
LOAD isr.o
LOAD /usr/local/CrossPack-AVR-20120217/lib/gcc/avr/4.5.1/avr51/libgcc.a
LOAD /usr/local/CrossPack-AVR-20120217/lib/gcc/avr/4.5.1/../../../../avr/lib/avr51/libc.a
LOAD /usr/local/CrossPack-AVR-20120217/lib/gcc/avr/4.5.1/avr51/libgcc.a

.hash
 *(.hash)

.dynsym
 *(.dynsym)

.dynstr
 *(.dynstr)

.gnu.version
 *(.gnu.version)

.gnu.version_d
 *(.gnu.version_d)

.gnu.version_r
 *(.gnu.version_r)

.rel.init
 *(.rel.init)

.rela.init
 *(.rela.init)

.rel.text
 *(.rel.text)
 *(.rel.text.*)
 *(.rel.gnu.linkonce.t*)

.rela.text
 *(.rela.text)
 *(.rela.text.*)
 *(.rela.gnu.linkonce.t*)

.rel.fini
 *(.rel.fini)

.rela.fini
 *(.rela.fini)

.rel.rodata
 *(.rel.rodata)
 *(.rel.rodata.*)
 *(.rel.gnu.linkonce.r*)

.rela.rodata
 *(.rela.rodata)
 *(.rela.rodata.*)
 *(.rela.gnu.linkonce.r*)

.rel.data
 *(.rel.data)
 *(.rel.data.*)
 *(.rel.gnu.linkonce.d*)

.rela.data
 *(.rela.data)
 *(.rela.data.*)
 *(.rela.gnu.linkonce.d*)

.rel.ctors
 *(.rel.ctors)

.rela.ctors
 *(.rela.ctors)

.rel.dtors
 *(.rel.dtors)

.rela.dtors
 *(.rela.dtors)

.rel.got
 *(.rel.got)

.rela.got
 *(.rela.got)

.rel.bss
 *(.rel.bss)

.rela.bss
 *(.rela.bss)

.rel.plt
 *(.rel.plt)

.rela.plt
 *(.rela.plt)

.text           0x00000000     0x3a2a
 *(.vectors)
 .vectors       0x00000000       0x94 /usr/local/CrossPack-AVR-20120217/lib/gcc/avr/4.5.1/../../../../avr/lib/avr51/crtcan128.o
                0x00000000                __vectors
                0x00000000                __vector_default
 *(.vectors)
 *(.progmem.gcc*)
 .progmem.gcc_sw_table
                0x00000094       0x16 can_std/can_lib.o
 *(.progmem*)
                0x000000aa                . = ALIGN (0x2)
                0x000000aa                __trampolines_start = .
 *(.trampolines)
 .trampolines   0x000000aa        0x0 linker stubs
 *(.trampolines*)
                0x000000aa                __trampolines_end = .
 *(.jumptables)
 *(.jumptables*)
 *(.lowtext)
 *(.lowtext*)
                0x000000aa                __ctors_start = .
 *(.ctors)
                0x000000aa                __ctors_end = .
                0x000000aa                __dtors_start = .
 *(.dtors)
                0x000000aa                __dtors_end = .
 SORT(*)(.ctors)
 SORT(*)(.dtors)
 *(.init0)
 .init0         0x000000aa        0x0 /usr/local/CrossPack-AVR-20120217/lib/gcc/avr/4.5.1/../../../../avr/lib/avr51/crtcan128.o
                0x000000aa                __init
 *(.init0)
 *(.init1)
 *(.init1)
 *(.init2)
 .init2         0x000000aa        0xc /usr/local/CrossPack-AVR-20120217/lib/gcc/avr/4.5.1/../../../../avr/lib/avr51/crtcan128.o
 *(.init2)
 *(.init3)
 *(.init3)
 *(.init4)
 .init4         0x000000b6       0x1a /usr/local/CrossPack-AVR-20120217/lib/gcc/avr/4.5.1/avr51/libgcc.a(_copy_data.o)
                0x000000b6                __do_copy_data
 .init4         0x000000d0       0x10 /usr/local/CrossPack-AVR-20120217/lib/gcc/avr/4.5.1/avr51/libgcc.a(_clear_bss.o)
                0x000000d0                __do_clear_bss
 *(.init4)
 *(.init5)
 *(.init5)
 *(.init6)
 *(.init6)
 *(.init7)
 *(.init7)
 *(.init8)
 *(.init8)
 *(.init9)
 .init9         0x000000e0        0x8 /usr/local/CrossPack-AVR-20120217/lib/gcc/avr/4.5.1/../../../../avr/lib/avr51/crtcan128.o
 *(.init9)
 *(.text)
 .text          0x000000e8        0x4 /usr/local/CrossPack-AVR-20120217/lib/gcc/avr/4.5.1/../../../../avr/lib/avr51/crtcan128.o
                0x000000e8                __vector_20
                0x000000e8                __vector_28
                0x000000e8                __vector_1
                0x000000e8                __vector_32
                0x000000e8                __vector_34
                0x000000e8                __vector_24
                0x000000e8                __vector_12
                0x000000e8                __bad_interrupt
                0x000000e8                __vector_6
                0x000000e8                __vector_31
                0x000000e8                __vector_35
                0x000000e8                __vector_3
                0x000000e8                __vector_23
                0x000000e8                __vector_30
                0x000000e8                __vector_25
                0x000000e8                __vector_11
                0x000000e8                __vector_13
                0x000000e8                __vector_17
                0x000000e8                __vector_19
                0x000000e8                __vector_27
                0x000000e8                __vector_5
                0x000000e8                __vector_33
                0x000000e8                __vector_4
                0x000000e8                __vector_9
                0x000000e8                __vector_2
                0x000000e8                __vector_21
                0x000000e8                __vector_15
                0x000000e8                __vector_36
                0x000000e8                __vector_29
                0x000000e8                __vector_26
                0x000000e8                __vector_14
                0x000000e8                __vector_10
                0x000000e8                __vector_16
                0x000000e8                __vector_22
 .text          0x000000ec      0x3ce main.o
                0x000000ec                init
                0x000000f4                main
 .text          0x000004ba       0x7e twi/twi.o
                0x000004ba                TWI_init
                0x000004cc                TWI_start
                0x00000500                TWI_send
                0x00000514                TWI_rcvr
                0x00000530                TWI_stop
 .text          0x00000538     0x137e display/display.o
                0x00000538                set_leds
                0x000005a2                set_water_temp
                0x00000b18                set_voltage
                0x00001036                set_rpm
                0x000015ee                display_test
                0x00001662                set_blink_rate
                0x000016fc                get_buttons
                0x00001778                set_seg
                0x000017e2                test_display
 .text          0x000018b6       0x4c functions.o
                0x000018b6                uartinit
                0x000018ce                sendtekst
                0x000018ea                getBut
 .text          0x00001902      0x46c can.o
                0x00001902                __vector_18
                0x00001cb8                can_send_non_blocking
                0x00001cfa                can_update_rx_msg
                0x00001d22                can_config_rx_mailbox
 .text          0x00001d6e      0x36e can_std/can_drv.o
                0x00001d6e                can_clear_all_mob
                0x00001d8e                can_get_mob_free
                0x00001dba                can_get_mob_status
                0x00001de0                can_get_data
                0x00001e08                can_auto_baudrate
                0x000020c2                can_fixed_baudrate
 .text          0x000020dc      0xc18 can_std/can_lib.o
                0x000020dc                can_init
                0x000020fa                can_cmd
                0x00002bd2                can_get_status
 .text          0x00002cf4        0x0 data.o
 .text          0x00002cf4       0xfc isr.o
                0x00002cf4                __vector_7
                0x00002d72                __vector_8
 .text          0x00002df0        0x0 /usr/local/CrossPack-AVR-20120217/lib/gcc/avr/4.5.1/avr51/libgcc.a(_prologue.o)
 .text          0x00002df0        0x0 /usr/local/CrossPack-AVR-20120217/lib/gcc/avr/4.5.1/avr51/libgcc.a(_epilogue.o)
 .text          0x00002df0        0x0 /usr/local/CrossPack-AVR-20120217/lib/gcc/avr/4.5.1/avr51/libgcc.a(_exit.o)
 .text          0x00002df0        0x0 /usr/local/CrossPack-AVR-20120217/lib/gcc/avr/4.5.1/avr51/libgcc.a(_tablejump.o)
 .text          0x00002df0        0x0 /usr/local/CrossPack-AVR-20120217/lib/gcc/avr/4.5.1/avr51/libgcc.a(_copy_data.o)
 .text          0x00002df0        0x0 /usr/local/CrossPack-AVR-20120217/lib/gcc/avr/4.5.1/avr51/libgcc.a(_clear_bss.o)
 .text          0x00002df0       0x58 /usr/local/CrossPack-AVR-20120217/lib/gcc/avr/4.5.1/avr51/libgcc.a(_fixunssfsi.o)
                0x00002df0                __fixunssfsi
 .text          0x00002e48      0x350 /usr/local/CrossPack-AVR-20120217/lib/gcc/avr/4.5.1/avr51/libgcc.a(_addsub_sf.o)
                0x000030dc                __addsf3
                0x00003136                __subsf3
 .text          0x00003198      0x1f4 /usr/local/CrossPack-AVR-20120217/lib/gcc/avr/4.5.1/avr51/libgcc.a(_mul_sf.o)
                0x00003198                __mulsf3
 .text          0x0000338c       0x60 /usr/local/CrossPack-AVR-20120217/lib/gcc/avr/4.5.1/avr51/libgcc.a(_ge_sf.o)
                0x0000338c                __gesf2
 .text          0x000033ec       0xc0 /usr/local/CrossPack-AVR-20120217/lib/gcc/avr/4.5.1/avr51/libgcc.a(_si_to_sf.o)
                0x000033ec                __floatsisf
 .text          0x000034ac       0xa4 /usr/local/CrossPack-AVR-20120217/lib/gcc/avr/4.5.1/avr51/libgcc.a(_sf_to_si.o)
                0x000034ac                __fixsfsi
 .text          0x00003550        0x0 /usr/local/CrossPack-AVR-20120217/lib/gcc/avr/4.5.1/avr51/libgcc.a(_thenan_sf.o)
 .text          0x00003550       0xb4 /usr/local/CrossPack-AVR-20120217/lib/gcc/avr/4.5.1/avr51/libgcc.a(_clzsi2.o)
                0x00003550                __clzsi2
 .text          0x00003604      0x19a /usr/local/CrossPack-AVR-20120217/lib/gcc/avr/4.5.1/avr51/libgcc.a(_pack_sf.o)
                0x00003604                __pack_f
 .text          0x0000379e       0xd2 /usr/local/CrossPack-AVR-20120217/lib/gcc/avr/4.5.1/avr51/libgcc.a(_unpack_sf.o)
                0x0000379e                __unpack_f
 .text          0x00003870       0xb2 /usr/local/CrossPack-AVR-20120217/lib/gcc/avr/4.5.1/avr51/libgcc.a(_fpcmp_parts_sf.o)
                0x00003870                __fpcmp_parts_f
 .text          0x00003922        0x0 /usr/local/CrossPack-AVR-20120217/lib/gcc/avr/4.5.1/avr51/libgcc.a(_clz.o)
 .text          0x00003922        0x0 /usr/local/CrossPack-AVR-20120217/lib/gcc/avr/4.5.1/../../../../avr/lib/avr51/libc.a(itoa.o)
 .text          0x00003922        0x0 /usr/local/CrossPack-AVR-20120217/lib/gcc/avr/4.5.1/../../../../avr/lib/avr51/libc.a(strrev.o)
 .text          0x00003922        0x0 /usr/local/CrossPack-AVR-20120217/lib/gcc/avr/4.5.1/avr51/libgcc.a(_udivmodhi4.o)
                0x00003922                . = ALIGN (0x2)
 *(.text.*)
 .text.libgcc   0x00003922       0x38 /usr/local/CrossPack-AVR-20120217/lib/gcc/avr/4.5.1/avr51/libgcc.a(_prologue.o)
                0x00003922                __prologue_saves__
 .text.libgcc   0x0000395a       0x36 /usr/local/CrossPack-AVR-20120217/lib/gcc/avr/4.5.1/avr51/libgcc.a(_epilogue.o)
                0x0000395a                __epilogue_restores__
 .text.libgcc   0x00003990        0x0 /usr/local/CrossPack-AVR-20120217/lib/gcc/avr/4.5.1/avr51/libgcc.a(_exit.o)
 .text.libgcc   0x00003990        0xc /usr/local/CrossPack-AVR-20120217/lib/gcc/avr/4.5.1/avr51/libgcc.a(_tablejump.o)
                0x00003990                __tablejump2__
                0x00003994                __tablejump__
 .text.libgcc   0x0000399c        0x0 /usr/local/CrossPack-AVR-20120217/lib/gcc/avr/4.5.1/avr51/libgcc.a(_copy_data.o)
 .text.libgcc   0x0000399c        0x0 /usr/local/CrossPack-AVR-20120217/lib/gcc/avr/4.5.1/avr51/libgcc.a(_clear_bss.o)
 .text.avr-libc
                0x0000399c       0x42 /usr/local/CrossPack-AVR-20120217/lib/gcc/avr/4.5.1/../../../../avr/lib/avr51/libc.a(itoa.o)
                0x0000399c                itoa
 .text.avr-libc
                0x000039de       0x20 /usr/local/CrossPack-AVR-20120217/lib/gcc/avr/4.5.1/../../../../avr/lib/avr51/libc.a(strrev.o)
                0x000039de                strrev
 .text.libgcc   0x000039fe       0x28 /usr/local/CrossPack-AVR-20120217/lib/gcc/avr/4.5.1/avr51/libgcc.a(_udivmodhi4.o)
                0x000039fe                __udivmodhi4
                0x00003a26                . = ALIGN (0x2)
 *(.fini9)
 .fini9         0x00003a26        0x0 /usr/local/CrossPack-AVR-20120217/lib/gcc/avr/4.5.1/avr51/libgcc.a(_exit.o)
                0x00003a26                exit
                0x00003a26                _exit
 *(.fini9)
 *(.fini8)
 *(.fini8)
 *(.fini7)
 *(.fini7)
 *(.fini6)
 *(.fini6)
 *(.fini5)
 *(.fini5)
 *(.fini4)
 *(.fini4)
 *(.fini3)
 *(.fini3)
 *(.fini2)
 *(.fini2)
 *(.fini1)
 *(.fini1)
 *(.fini0)
 .fini0         0x00003a26        0x4 /usr/local/CrossPack-AVR-20120217/lib/gcc/avr/4.5.1/avr51/libgcc.a(_exit.o)
 *(.fini0)
                0x00003a2a                _etext = .

.data           0x00800100      0x1d8 load address 0x00003a2a
                0x00800100                PROVIDE (__data_start, .)
 *(.data)
 .data          0x00800100        0x0 /usr/local/CrossPack-AVR-20120217/lib/gcc/avr/4.5.1/../../../../avr/lib/avr51/crtcan128.o
 .data          0x00800100       0x77 main.o
 .data          0x00800177        0x0 twi/twi.o
 .data          0x00800177        0x1 display/display.o
                0x00800177                buttons_state
 .data          0x00800178        0x0 functions.o
 .data          0x00800178       0x3c can.o
 .data          0x008001b4        0x0 can_std/can_drv.o
 .data          0x008001b4        0x0 can_std/can_lib.o
 .data          0x008001b4       0x14 data.o
                0x008001b4                params
 .data          0x008001c8        0x8 isr.o
 .data          0x008001d0        0x0 /usr/local/CrossPack-AVR-20120217/lib/gcc/avr/4.5.1/avr51/libgcc.a(_prologue.o)
 .data          0x008001d0        0x0 /usr/local/CrossPack-AVR-20120217/lib/gcc/avr/4.5.1/avr51/libgcc.a(_epilogue.o)
 .data          0x008001d0        0x0 /usr/local/CrossPack-AVR-20120217/lib/gcc/avr/4.5.1/avr51/libgcc.a(_exit.o)
 .data          0x008001d0        0x0 /usr/local/CrossPack-AVR-20120217/lib/gcc/avr/4.5.1/avr51/libgcc.a(_tablejump.o)
 .data          0x008001d0        0x0 /usr/local/CrossPack-AVR-20120217/lib/gcc/avr/4.5.1/avr51/libgcc.a(_copy_data.o)
 .data          0x008001d0        0x0 /usr/local/CrossPack-AVR-20120217/lib/gcc/avr/4.5.1/avr51/libgcc.a(_clear_bss.o)
 .data          0x008001d0        0x0 /usr/local/CrossPack-AVR-20120217/lib/gcc/avr/4.5.1/avr51/libgcc.a(_fixunssfsi.o)
 .data          0x008001d0        0x0 /usr/local/CrossPack-AVR-20120217/lib/gcc/avr/4.5.1/avr51/libgcc.a(_addsub_sf.o)
 .data          0x008001d0        0x0 /usr/local/CrossPack-AVR-20120217/lib/gcc/avr/4.5.1/avr51/libgcc.a(_mul_sf.o)
 .data          0x008001d0        0x0 /usr/local/CrossPack-AVR-20120217/lib/gcc/avr/4.5.1/avr51/libgcc.a(_ge_sf.o)
 .data          0x008001d0        0x0 /usr/local/CrossPack-AVR-20120217/lib/gcc/avr/4.5.1/avr51/libgcc.a(_si_to_sf.o)
 .data          0x008001d0        0x0 /usr/local/CrossPack-AVR-20120217/lib/gcc/avr/4.5.1/avr51/libgcc.a(_sf_to_si.o)
 .data          0x008001d0        0x8 /usr/local/CrossPack-AVR-20120217/lib/gcc/avr/4.5.1/avr51/libgcc.a(_thenan_sf.o)
                0x008001d0                __thenan_sf
 .data          0x008001d8        0x0 /usr/local/CrossPack-AVR-20120217/lib/gcc/avr/4.5.1/avr51/libgcc.a(_clzsi2.o)
 .data          0x008001d8        0x0 /usr/local/CrossPack-AVR-20120217/lib/gcc/avr/4.5.1/avr51/libgcc.a(_pack_sf.o)
 .data          0x008001d8        0x0 /usr/local/CrossPack-AVR-20120217/lib/gcc/avr/4.5.1/avr51/libgcc.a(_unpack_sf.o)
 .data          0x008001d8        0x0 /usr/local/CrossPack-AVR-20120217/lib/gcc/avr/4.5.1/avr51/libgcc.a(_fpcmp_parts_sf.o)
 .data          0x008001d8      0x100 /usr/local/CrossPack-AVR-20120217/lib/gcc/avr/4.5.1/avr51/libgcc.a(_clz.o)
                0x008001d8                __clz_tab
 .data          0x008002d8        0x0 /usr/local/CrossPack-AVR-20120217/lib/gcc/avr/4.5.1/../../../../avr/lib/avr51/libc.a(itoa.o)
 .data          0x008002d8        0x0 /usr/local/CrossPack-AVR-20120217/lib/gcc/avr/4.5.1/../../../../avr/lib/avr51/libc.a(strrev.o)
 .data          0x008002d8        0x0 /usr/local/CrossPack-AVR-20120217/lib/gcc/avr/4.5.1/avr51/libgcc.a(_udivmodhi4.o)
 *(.data*)
 *(.rodata)
 *(.rodata*)
 *(.gnu.linkonce.d*)
                0x008002d8                . = ALIGN (0x2)
                0x008002d8                _edata = .
                0x008002d8                PROVIDE (__data_end, .)

.bss            0x008002d8       0x1f
                0x008002d8                PROVIDE (__bss_start, .)
 *(.bss)
 .bss           0x008002d8        0x0 /usr/local/CrossPack-AVR-20120217/lib/gcc/avr/4.5.1/../../../../avr/lib/avr51/crtcan128.o
 .bss           0x008002d8        0x5 main.o
                0x008002d8                gearbut
                0x008002d9                j
                0x008002da                gearActive
 .bss           0x008002dd        0x0 twi/twi.o
 .bss           0x008002dd        0x2 display/display.o
                0x008002dd                indi_leds_state
 .bss           0x008002df        0x0 functions.o
 .bss           0x008002df        0x0 can.o
 .bss           0x008002df        0x0 can_std/can_drv.o
 .bss           0x008002df        0x0 can_std/can_lib.o
 .bss           0x008002df        0x0 data.o
 .bss           0x008002df        0x0 isr.o
 .bss           0x008002df        0x0 /usr/local/CrossPack-AVR-20120217/lib/gcc/avr/4.5.1/avr51/libgcc.a(_prologue.o)
 .bss           0x008002df        0x0 /usr/local/CrossPack-AVR-20120217/lib/gcc/avr/4.5.1/avr51/libgcc.a(_epilogue.o)
 .bss           0x008002df        0x0 /usr/local/CrossPack-AVR-20120217/lib/gcc/avr/4.5.1/avr51/libgcc.a(_exit.o)
 .bss           0x008002df        0x0 /usr/local/CrossPack-AVR-20120217/lib/gcc/avr/4.5.1/avr51/libgcc.a(_tablejump.o)
 .bss           0x008002df        0x0 /usr/local/CrossPack-AVR-20120217/lib/gcc/avr/4.5.1/avr51/libgcc.a(_copy_data.o)
 .bss           0x008002df        0x0 /usr/local/CrossPack-AVR-20120217/lib/gcc/avr/4.5.1/avr51/libgcc.a(_clear_bss.o)
 .bss           0x008002df        0x0 /usr/local/CrossPack-AVR-20120217/lib/gcc/avr/4.5.1/avr51/libgcc.a(_fixunssfsi.o)
 .bss           0x008002df        0x0 /usr/local/CrossPack-AVR-20120217/lib/gcc/avr/4.5.1/avr51/libgcc.a(_addsub_sf.o)
 .bss           0x008002df        0x0 /usr/local/CrossPack-AVR-20120217/lib/gcc/avr/4.5.1/avr51/libgcc.a(_mul_sf.o)
 .bss           0x008002df        0x0 /usr/local/CrossPack-AVR-20120217/lib/gcc/avr/4.5.1/avr51/libgcc.a(_ge_sf.o)
 .bss           0x008002df        0x0 /usr/local/CrossPack-AVR-20120217/lib/gcc/avr/4.5.1/avr51/libgcc.a(_si_to_sf.o)
 .bss           0x008002df        0x0 /usr/local/CrossPack-AVR-20120217/lib/gcc/avr/4.5.1/avr51/libgcc.a(_sf_to_si.o)
 .bss           0x008002df        0x0 /usr/local/CrossPack-AVR-20120217/lib/gcc/avr/4.5.1/avr51/libgcc.a(_thenan_sf.o)
 .bss           0x008002df        0x0 /usr/local/CrossPack-AVR-20120217/lib/gcc/avr/4.5.1/avr51/libgcc.a(_clzsi2.o)
 .bss           0x008002df        0x0 /usr/local/CrossPack-AVR-20120217/lib/gcc/avr/4.5.1/avr51/libgcc.a(_pack_sf.o)
 .bss           0x008002df        0x0 /usr/local/CrossPack-AVR-20120217/lib/gcc/avr/4.5.1/avr51/libgcc.a(_unpack_sf.o)
 .bss           0x008002df        0x0 /usr/local/CrossPack-AVR-20120217/lib/gcc/avr/4.5.1/avr51/libgcc.a(_fpcmp_parts_sf.o)
 .bss           0x008002df        0x0 /usr/local/CrossPack-AVR-20120217/lib/gcc/avr/4.5.1/avr51/libgcc.a(_clz.o)
 .bss           0x008002df        0x0 /usr/local/CrossPack-AVR-20120217/lib/gcc/avr/4.5.1/../../../../avr/lib/avr51/libc.a(itoa.o)
 .bss           0x008002df        0x0 /usr/local/CrossPack-AVR-20120217/lib/gcc/avr/4.5.1/../../../../avr/lib/avr51/libc.a(strrev.o)
 .bss           0x008002df        0x0 /usr/local/CrossPack-AVR-20120217/lib/gcc/avr/4.5.1/avr51/libgcc.a(_udivmodhi4.o)
 *(.bss*)
 *(COMMON)
 COMMON         0x008002df        0xa functions.o
                0x008002df                tempchar
 COMMON         0x008002e9        0xe can.o
                0x008002e9                tx_remote_msg
                0x008002f7                PROVIDE (__bss_end, .)
                0x00003a2a                __data_load_start = LOADADDR (.data)
                0x00003c02                __data_load_end = (__data_load_start + SIZEOF (.data))

.noinit         0x008002f7        0x0
                0x008002f7                PROVIDE (__noinit_start, .)
 *(.noinit*)
                0x008002f7                PROVIDE (__noinit_end, .)
                0x008002f7                _end = .
                0x008002f7                PROVIDE (__heap_start, .)

.eeprom         0x00810000        0x0
 *(.eeprom*)
                0x00810000                __eeprom_end = .

.fuse
 *(.fuse)
 *(.lfuse)
 *(.hfuse)
 *(.efuse)

.lock
 *(.lock*)

.signature
 *(.signature*)

.stab           0x00000000      0x954
 *(.stab)
 .stab          0x00000000      0x6cc /usr/local/CrossPack-AVR-20120217/lib/gcc/avr/4.5.1/../../../../avr/lib/avr51/crtcan128.o
 .stab          0x000006cc      0x1b0 /usr/local/CrossPack-AVR-20120217/lib/gcc/avr/4.5.1/../../../../avr/lib/avr51/libc.a(itoa.o)
                                0x1bc (size before relaxing)
 .stab          0x0000087c       0xd8 /usr/local/CrossPack-AVR-20120217/lib/gcc/avr/4.5.1/../../../../avr/lib/avr51/libc.a(strrev.o)
                                 0xe4 (size before relaxing)

.stabstr        0x00000000      0x13b
 *(.stabstr)
 .stabstr       0x00000000      0x13b /usr/local/CrossPack-AVR-20120217/lib/gcc/avr/4.5.1/../../../../avr/lib/avr51/crtcan128.o

.stab.excl
 *(.stab.excl)

.stab.exclstr
 *(.stab.exclstr)

.stab.index
 *(.stab.index)

.stab.indexstr
 *(.stab.indexstr)

.comment
 *(.comment)

.debug
 *(.debug)

.line
 *(.line)

.debug_srcinfo
 *(.debug_srcinfo)

.debug_sfnames
 *(.debug_sfnames)

.debug_aranges  0x00000000      0x240
 *(.debug_aranges)
 .debug_aranges
                0x00000000       0x20 main.o
 .debug_aranges
                0x00000020       0x20 twi/twi.o
 .debug_aranges
                0x00000040       0x20 display/display.o
 .debug_aranges
                0x00000060       0x20 functions.o
 .debug_aranges
                0x00000080       0x20 can.o
 .debug_aranges
                0x000000a0       0x20 can_std/can_drv.o
 .debug_aranges
                0x000000c0       0x20 can_std/can_lib.o
 .debug_aranges
                0x000000e0       0x20 isr.o
 .debug_aranges
                0x00000100       0x20 /usr/local/CrossPack-AVR-20120217/lib/gcc/avr/4.5.1/avr51/libgcc.a(_fixunssfsi.o)
 .debug_aranges
                0x00000120       0x20 /usr/local/CrossPack-AVR-20120217/lib/gcc/avr/4.5.1/avr51/libgcc.a(_addsub_sf.o)
 .debug_aranges
                0x00000140       0x20 /usr/local/CrossPack-AVR-20120217/lib/gcc/avr/4.5.1/avr51/libgcc.a(_mul_sf.o)
 .debug_aranges
                0x00000160       0x20 /usr/local/CrossPack-AVR-20120217/lib/gcc/avr/4.5.1/avr51/libgcc.a(_ge_sf.o)
 .debug_aranges
                0x00000180       0x20 /usr/local/CrossPack-AVR-20120217/lib/gcc/avr/4.5.1/avr51/libgcc.a(_si_to_sf.o)
 .debug_aranges
                0x000001a0       0x20 /usr/local/CrossPack-AVR-20120217/lib/gcc/avr/4.5.1/avr51/libgcc.a(_sf_to_si.o)
 .debug_aranges
                0x000001c0       0x20 /usr/local/CrossPack-AVR-20120217/lib/gcc/avr/4.5.1/avr51/libgcc.a(_clzsi2.o)
 .debug_aranges
                0x000001e0       0x20 /usr/local/CrossPack-AVR-20120217/lib/gcc/avr/4.5.1/avr51/libgcc.a(_pack_sf.o)
 .debug_aranges
                0x00000200       0x20 /usr/local/CrossPack-AVR-20120217/lib/gcc/avr/4.5.1/avr51/libgcc.a(_unpack_sf.o)
 .debug_aranges
                0x00000220       0x20 /usr/local/CrossPack-AVR-20120217/lib/gcc/avr/4.5.1/avr51/libgcc.a(_fpcmp_parts_sf.o)

.debug_pubnames
                0x00000000      0x4d3
 *(.debug_pubnames)
 .debug_pubnames
                0x00000000       0x45 main.o
 .debug_pubnames
                0x00000045       0x54 twi/twi.o
 .debug_pubnames
                0x00000099       0xc5 display/display.o
 .debug_pubnames
                0x0000015e       0x45 functions.o
 .debug_pubnames
                0x000001a3       0x7e can.o
 .debug_pubnames
                0x00000221       0x92 can_std/can_drv.o
 .debug_pubnames
                0x000002b3       0x3e can_std/can_lib.o
 .debug_pubnames
                0x000002f1       0x1d data.o
 .debug_pubnames
                0x0000030e       0x30 isr.o
 .debug_pubnames
                0x0000033e       0x23 /usr/local/CrossPack-AVR-20120217/lib/gcc/avr/4.5.1/avr51/libgcc.a(_fixunssfsi.o)
 .debug_pubnames
                0x00000361       0x2c /usr/local/CrossPack-AVR-20120217/lib/gcc/avr/4.5.1/avr51/libgcc.a(_addsub_sf.o)
 .debug_pubnames
                0x0000038d       0x1f /usr/local/CrossPack-AVR-20120217/lib/gcc/avr/4.5.1/avr51/libgcc.a(_mul_sf.o)
 .debug_pubnames
                0x000003ac       0x1e /usr/local/CrossPack-AVR-20120217/lib/gcc/avr/4.5.1/avr51/libgcc.a(_ge_sf.o)
 .debug_pubnames
                0x000003ca       0x22 /usr/local/CrossPack-AVR-20120217/lib/gcc/avr/4.5.1/avr51/libgcc.a(_si_to_sf.o)
 .debug_pubnames
                0x000003ec       0x20 /usr/local/CrossPack-AVR-20120217/lib/gcc/avr/4.5.1/avr51/libgcc.a(_sf_to_si.o)
 .debug_pubnames
                0x0000040c       0x22 /usr/local/CrossPack-AVR-20120217/lib/gcc/avr/4.5.1/avr51/libgcc.a(_thenan_sf.o)
 .debug_pubnames
                0x0000042e       0x1f /usr/local/CrossPack-AVR-20120217/lib/gcc/avr/4.5.1/avr51/libgcc.a(_clzsi2.o)
 .debug_pubnames
                0x0000044d       0x1f /usr/local/CrossPack-AVR-20120217/lib/gcc/avr/4.5.1/avr51/libgcc.a(_pack_sf.o)
 .debug_pubnames
                0x0000046c       0x21 /usr/local/CrossPack-AVR-20120217/lib/gcc/avr/4.5.1/avr51/libgcc.a(_unpack_sf.o)
 .debug_pubnames
                0x0000048d       0x26 /usr/local/CrossPack-AVR-20120217/lib/gcc/avr/4.5.1/avr51/libgcc.a(_fpcmp_parts_sf.o)
 .debug_pubnames
                0x000004b3       0x20 /usr/local/CrossPack-AVR-20120217/lib/gcc/avr/4.5.1/avr51/libgcc.a(_clz.o)

.debug_info     0x00000000     0x36f9
 *(.debug_info)
 .debug_info    0x00000000      0x6e1 main.o
 .debug_info    0x000006e1      0x130 twi/twi.o
 .debug_info    0x00000811      0x38e display/display.o
 .debug_info    0x00000b9f      0x11e functions.o
 .debug_info    0x00000cbd      0x6d2 can.o
 .debug_info    0x0000138f      0x336 can_std/can_drv.o
 .debug_info    0x000016c5      0x305 can_std/can_lib.o
 .debug_info    0x000019ca      0x11b data.o
 .debug_info    0x00001ae5      0x166 isr.o
 .debug_info    0x00001c4b       0xbd /usr/local/CrossPack-AVR-20120217/lib/gcc/avr/4.5.1/avr51/libgcc.a(_fixunssfsi.o)
 .debug_info    0x00001d08      0x455 /usr/local/CrossPack-AVR-20120217/lib/gcc/avr/4.5.1/avr51/libgcc.a(_addsub_sf.o)
 .debug_info    0x0000215d      0x3ec /usr/local/CrossPack-AVR-20120217/lib/gcc/avr/4.5.1/avr51/libgcc.a(_mul_sf.o)
 .debug_info    0x00002549      0x28a /usr/local/CrossPack-AVR-20120217/lib/gcc/avr/4.5.1/avr51/libgcc.a(_ge_sf.o)
 .debug_info    0x000027d3      0x22f /usr/local/CrossPack-AVR-20120217/lib/gcc/avr/4.5.1/avr51/libgcc.a(_si_to_sf.o)
 .debug_info    0x00002a02      0x2a5 /usr/local/CrossPack-AVR-20120217/lib/gcc/avr/4.5.1/avr51/libgcc.a(_sf_to_si.o)
 .debug_info    0x00002ca7      0x15e /usr/local/CrossPack-AVR-20120217/lib/gcc/avr/4.5.1/avr51/libgcc.a(_thenan_sf.o)
 .debug_info    0x00002e05      0x12c /usr/local/CrossPack-AVR-20120217/lib/gcc/avr/4.5.1/avr51/libgcc.a(_clzsi2.o)
 .debug_info    0x00002f31      0x2d5 /usr/local/CrossPack-AVR-20120217/lib/gcc/avr/4.5.1/avr51/libgcc.a(_pack_sf.o)
 .debug_info    0x00003206      0x25c /usr/local/CrossPack-AVR-20120217/lib/gcc/avr/4.5.1/avr51/libgcc.a(_unpack_sf.o)
 .debug_info    0x00003462      0x1f1 /usr/local/CrossPack-AVR-20120217/lib/gcc/avr/4.5.1/avr51/libgcc.a(_fpcmp_parts_sf.o)
 .debug_info    0x00003653       0xa6 /usr/local/CrossPack-AVR-20120217/lib/gcc/avr/4.5.1/avr51/libgcc.a(_clz.o)
 *(.gnu.linkonce.wi.*)

.debug_abbrev   0x00000000     0x1829
 *(.debug_abbrev)
 .debug_abbrev  0x00000000      0x218 main.o
 .debug_abbrev  0x00000218       0xc7 twi/twi.o
 .debug_abbrev  0x000002df      0x168 display/display.o
 .debug_abbrev  0x00000447       0xc6 functions.o
 .debug_abbrev  0x0000050d      0x1f0 can.o
 .debug_abbrev  0x000006fd      0x114 can_std/can_drv.o
 .debug_abbrev  0x00000811      0x143 can_std/can_lib.o
 .debug_abbrev  0x00000954       0x73 data.o
 .debug_abbrev  0x000009c7       0x88 isr.o
 .debug_abbrev  0x00000a4f       0x5d /usr/local/CrossPack-AVR-20120217/lib/gcc/avr/4.5.1/avr51/libgcc.a(_fixunssfsi.o)
 .debug_abbrev  0x00000aac      0x1af /usr/local/CrossPack-AVR-20120217/lib/gcc/avr/4.5.1/avr51/libgcc.a(_addsub_sf.o)
 .debug_abbrev  0x00000c5b      0x1d9 /usr/local/CrossPack-AVR-20120217/lib/gcc/avr/4.5.1/avr51/libgcc.a(_mul_sf.o)
 .debug_abbrev  0x00000e34      0x151 /usr/local/CrossPack-AVR-20120217/lib/gcc/avr/4.5.1/avr51/libgcc.a(_ge_sf.o)
 .debug_abbrev  0x00000f85      0x162 /usr/local/CrossPack-AVR-20120217/lib/gcc/avr/4.5.1/avr51/libgcc.a(_si_to_sf.o)
 .debug_abbrev  0x000010e7      0x160 /usr/local/CrossPack-AVR-20120217/lib/gcc/avr/4.5.1/avr51/libgcc.a(_sf_to_si.o)
 .debug_abbrev  0x00001247       0xcb /usr/local/CrossPack-AVR-20120217/lib/gcc/avr/4.5.1/avr51/libgcc.a(_thenan_sf.o)
 .debug_abbrev  0x00001312       0xce /usr/local/CrossPack-AVR-20120217/lib/gcc/avr/4.5.1/avr51/libgcc.a(_clzsi2.o)
 .debug_abbrev  0x000013e0      0x192 /usr/local/CrossPack-AVR-20120217/lib/gcc/avr/4.5.1/avr51/libgcc.a(_pack_sf.o)
 .debug_abbrev  0x00001572      0x14b /usr/local/CrossPack-AVR-20120217/lib/gcc/avr/4.5.1/avr51/libgcc.a(_unpack_sf.o)
 .debug_abbrev  0x000016bd      0x10b /usr/local/CrossPack-AVR-20120217/lib/gcc/avr/4.5.1/avr51/libgcc.a(_fpcmp_parts_sf.o)
 .debug_abbrev  0x000017c8       0x61 /usr/local/CrossPack-AVR-20120217/lib/gcc/avr/4.5.1/avr51/libgcc.a(_clz.o)

.debug_line     0x00000000     0x2f20
 *(.debug_line)
 .debug_line    0x00000000      0x4bf main.o
 .debug_line    0x000004bf      0x19a twi/twi.o
 .debug_line    0x00000659      0x8cf display/display.o
 .debug_line    0x00000f28      0x155 functions.o
 .debug_line    0x0000107d      0x3e9 can.o
 .debug_line    0x00001466      0x520 can_std/can_drv.o
 .debug_line    0x00001986      0x4f3 can_std/can_lib.o
 .debug_line    0x00001e79       0xaa data.o
 .debug_line    0x00001f23      0x119 isr.o
 .debug_line    0x0000203c       0x9d /usr/local/CrossPack-AVR-20120217/lib/gcc/avr/4.5.1/avr51/libgcc.a(_fixunssfsi.o)
 .debug_line    0x000020d9      0x2c2 /usr/local/CrossPack-AVR-20120217/lib/gcc/avr/4.5.1/avr51/libgcc.a(_addsub_sf.o)
 .debug_line    0x0000239b      0x25e /usr/local/CrossPack-AVR-20120217/lib/gcc/avr/4.5.1/avr51/libgcc.a(_mul_sf.o)
 .debug_line    0x000025f9       0xd9 /usr/local/CrossPack-AVR-20120217/lib/gcc/avr/4.5.1/avr51/libgcc.a(_ge_sf.o)
 .debug_line    0x000026d2      0x121 /usr/local/CrossPack-AVR-20120217/lib/gcc/avr/4.5.1/avr51/libgcc.a(_si_to_sf.o)
 .debug_line    0x000027f3      0x113 /usr/local/CrossPack-AVR-20120217/lib/gcc/avr/4.5.1/avr51/libgcc.a(_sf_to_si.o)
 .debug_line    0x00002906       0x86 /usr/local/CrossPack-AVR-20120217/lib/gcc/avr/4.5.1/avr51/libgcc.a(_thenan_sf.o)
 .debug_line    0x0000298c       0xc3 /usr/local/CrossPack-AVR-20120217/lib/gcc/avr/4.5.1/avr51/libgcc.a(_clzsi2.o)
 .debug_line    0x00002a4f      0x1c9 /usr/local/CrossPack-AVR-20120217/lib/gcc/avr/4.5.1/avr51/libgcc.a(_pack_sf.o)
 .debug_line    0x00002c18      0x149 /usr/local/CrossPack-AVR-20120217/lib/gcc/avr/4.5.1/avr51/libgcc.a(_unpack_sf.o)
 .debug_line    0x00002d61      0x14d /usr/local/CrossPack-AVR-20120217/lib/gcc/avr/4.5.1/avr51/libgcc.a(_fpcmp_parts_sf.o)
 .debug_line    0x00002eae       0x72 /usr/local/CrossPack-AVR-20120217/lib/gcc/avr/4.5.1/avr51/libgcc.a(_clz.o)

.debug_frame    0x00000000      0x400
 *(.debug_frame)
 .debug_frame   0x00000000       0x30 main.o
 .debug_frame   0x00000030       0x60 twi/twi.o
 .debug_frame   0x00000090       0xa0 display/display.o
 .debug_frame   0x00000130       0x40 functions.o
 .debug_frame   0x00000170       0x50 can.o
 .debug_frame   0x000001c0       0x70 can_std/can_drv.o
 .debug_frame   0x00000230       0x40 can_std/can_lib.o
 .debug_frame   0x00000270       0x30 isr.o
 .debug_frame   0x000002a0       0x20 /usr/local/CrossPack-AVR-20120217/lib/gcc/avr/4.5.1/avr51/libgcc.a(_fixunssfsi.o)
 .debug_frame   0x000002c0       0x40 /usr/local/CrossPack-AVR-20120217/lib/gcc/avr/4.5.1/avr51/libgcc.a(_addsub_sf.o)
 .debug_frame   0x00000300       0x20 /usr/local/CrossPack-AVR-20120217/lib/gcc/avr/4.5.1/avr51/libgcc.a(_mul_sf.o)
 .debug_frame   0x00000320       0x20 /usr/local/CrossPack-AVR-20120217/lib/gcc/avr/4.5.1/avr51/libgcc.a(_ge_sf.o)
 .debug_frame   0x00000340       0x20 /usr/local/CrossPack-AVR-20120217/lib/gcc/avr/4.5.1/avr51/libgcc.a(_si_to_sf.o)
 .debug_frame   0x00000360       0x20 /usr/local/CrossPack-AVR-20120217/lib/gcc/avr/4.5.1/avr51/libgcc.a(_sf_to_si.o)
 .debug_frame   0x00000380       0x20 /usr/local/CrossPack-AVR-20120217/lib/gcc/avr/4.5.1/avr51/libgcc.a(_clzsi2.o)
 .debug_frame   0x000003a0       0x20 /usr/local/CrossPack-AVR-20120217/lib/gcc/avr/4.5.1/avr51/libgcc.a(_pack_sf.o)
 .debug_frame   0x000003c0       0x20 /usr/local/CrossPack-AVR-20120217/lib/gcc/avr/4.5.1/avr51/libgcc.a(_unpack_sf.o)
 .debug_frame   0x000003e0       0x20 /usr/local/CrossPack-AVR-20120217/lib/gcc/avr/4.5.1/avr51/libgcc.a(_fpcmp_parts_sf.o)

.debug_str      0x00000000      0xb9a
 *(.debug_str)
 .debug_str     0x00000000      0x521 main.o
                                0x589 (size before relaxing)
 .debug_str     0x00000521       0x48 twi/twi.o
                                0x11a (size before relaxing)
 .debug_str     0x00000569       0x9a display/display.o
                                0x20f (size before relaxing)
 .debug_str     0x00000603       0x3a functions.o
                                0x10c (size before relaxing)
 .debug_str     0x0000063d       0xb4 can.o
                                0x55d (size before relaxing)
 .debug_str     0x000006f1      0x18b can_std/can_drv.o
                                0x268 (size before relaxing)
 .debug_str     0x0000087c       0x57 can_std/can_lib.o
                                0x231 (size before relaxing)
 .debug_str     0x000008d3        0x7 data.o
                                0x12c (size before relaxing)
 .debug_str     0x000008da       0x1c isr.o
                                0x166 (size before relaxing)
 .debug_str     0x000008f6       0xb7 /usr/local/CrossPack-AVR-20120217/lib/gcc/avr/4.5.1/avr51/libgcc.a(_fixunssfsi.o)
                                0x13c (size before relaxing)
 .debug_str     0x000009ad      0x14b /usr/local/CrossPack-AVR-20120217/lib/gcc/avr/4.5.1/avr51/libgcc.a(_addsub_sf.o)
                                0x24f (size before relaxing)
 .debug_str     0x00000af8       0x27 /usr/local/CrossPack-AVR-20120217/lib/gcc/avr/4.5.1/avr51/libgcc.a(_mul_sf.o)
                                0x208 (size before relaxing)
 .debug_str     0x00000b1f        0x8 /usr/local/CrossPack-AVR-20120217/lib/gcc/avr/4.5.1/avr51/libgcc.a(_ge_sf.o)
                                0x1d6 (size before relaxing)
 .debug_str     0x00000b27       0x27 /usr/local/CrossPack-AVR-20120217/lib/gcc/avr/4.5.1/avr51/libgcc.a(_si_to_sf.o)
                                0x1c5 (size before relaxing)
 .debug_str     0x00000b4e        0xa /usr/local/CrossPack-AVR-20120217/lib/gcc/avr/4.5.1/avr51/libgcc.a(_sf_to_si.o)
                                0x1df (size before relaxing)
 .debug_str     0x00000000      0x181 /usr/local/CrossPack-AVR-20120217/lib/gcc/avr/4.5.1/avr51/libgcc.a(_thenan_sf.o)
 .debug_str     0x00000b58       0x17 /usr/local/CrossPack-AVR-20120217/lib/gcc/avr/4.5.1/avr51/libgcc.a(_clzsi2.o)
                                0x148 (size before relaxing)
 .debug_str     0x00000b6f       0x10 /usr/local/CrossPack-AVR-20120217/lib/gcc/avr/4.5.1/avr51/libgcc.a(_pack_sf.o)
                                0x1de (size before relaxing)
 .debug_str     0x00000b7f        0xb /usr/local/CrossPack-AVR-20120217/lib/gcc/avr/4.5.1/avr51/libgcc.a(_unpack_sf.o)
                                0x1c0 (size before relaxing)
 .debug_str     0x00000b8a       0x10 /usr/local/CrossPack-AVR-20120217/lib/gcc/avr/4.5.1/avr51/libgcc.a(_fpcmp_parts_sf.o)
                                0x1a4 (size before relaxing)
 .debug_str     0x00000000      0x12b /usr/local/CrossPack-AVR-20120217/lib/gcc/avr/4.5.1/avr51/libgcc.a(_clz.o)

.debug_loc      0x00000000     0x1e50
 *(.debug_loc)
 .debug_loc     0x00000000       0x64 main.o
 .debug_loc     0x00000064       0x47 twi/twi.o
 .debug_loc     0x000000ab      0x859 display/display.o
 .debug_loc     0x00000904       0x56 functions.o
 .debug_loc     0x0000095a      0x28c can.o
 .debug_loc     0x00000be6      0x55f can_std/can_drv.o
 .debug_loc     0x00001145      0x1db can_std/can_lib.o
 .debug_loc     0x00001320       0x34 /usr/local/CrossPack-AVR-20120217/lib/gcc/avr/4.5.1/avr51/libgcc.a(_fixunssfsi.o)
 .debug_loc     0x00001354      0x31d /usr/local/CrossPack-AVR-20120217/lib/gcc/avr/4.5.1/avr51/libgcc.a(_addsub_sf.o)
 .debug_loc     0x00001671      0x2a4 /usr/local/CrossPack-AVR-20120217/lib/gcc/avr/4.5.1/avr51/libgcc.a(_mul_sf.o)
 .debug_loc     0x00001915       0x48 /usr/local/CrossPack-AVR-20120217/lib/gcc/avr/4.5.1/avr51/libgcc.a(_ge_sf.o)
 .debug_loc     0x0000195d       0xb4 /usr/local/CrossPack-AVR-20120217/lib/gcc/avr/4.5.1/avr51/libgcc.a(_si_to_sf.o)
 .debug_loc     0x00001a11       0x56 /usr/local/CrossPack-AVR-20120217/lib/gcc/avr/4.5.1/avr51/libgcc.a(_sf_to_si.o)
 .debug_loc     0x00001a67       0xb2 /usr/local/CrossPack-AVR-20120217/lib/gcc/avr/4.5.1/avr51/libgcc.a(_clzsi2.o)
 .debug_loc     0x00001b19      0x1d6 /usr/local/CrossPack-AVR-20120217/lib/gcc/avr/4.5.1/avr51/libgcc.a(_pack_sf.o)
 .debug_loc     0x00001cef      0x111 /usr/local/CrossPack-AVR-20120217/lib/gcc/avr/4.5.1/avr51/libgcc.a(_unpack_sf.o)
 .debug_loc     0x00001e00       0x50 /usr/local/CrossPack-AVR-20120217/lib/gcc/avr/4.5.1/avr51/libgcc.a(_fpcmp_parts_sf.o)

.debug_macinfo
 *(.debug_macinfo)
OUTPUT(node2.elf elf32-avr)
LOAD linker stubs

.debug_pubtypes
                0x00000000      0x7f0
 .debug_pubtypes
                0x00000000       0xaf main.o
 .debug_pubtypes
                0x000000af       0x27 twi/twi.o
 .debug_pubtypes
                0x000000d6       0x43 display/display.o
 .debug_pubtypes
                0x00000119       0x1e functions.o
 .debug_pubtypes
                0x00000137       0x9a can.o
 .debug_pubtypes
                0x000001d1       0x2d can_std/can_drv.o
 .debug_pubtypes
                0x000001fe       0x7e can_std/can_lib.o
 .debug_pubtypes
                0x0000027c       0x2e data.o
 .debug_pubtypes
                0x000002aa       0x3a isr.o
 .debug_pubtypes
                0x000002e4       0x34 /usr/local/CrossPack-AVR-20120217/lib/gcc/avr/4.5.1/avr51/libgcc.a(_fixunssfsi.o)
 .debug_pubtypes
                0x00000318       0x9d /usr/local/CrossPack-AVR-20120217/lib/gcc/avr/4.5.1/avr51/libgcc.a(_addsub_sf.o)
 .debug_pubtypes
                0x000003b5       0x86 /usr/local/CrossPack-AVR-20120217/lib/gcc/avr/4.5.1/avr51/libgcc.a(_mul_sf.o)
 .debug_pubtypes
                0x0000043b       0x91 /usr/local/CrossPack-AVR-20120217/lib/gcc/avr/4.5.1/avr51/libgcc.a(_ge_sf.o)
 .debug_pubtypes
                0x000004cc       0x7e /usr/local/CrossPack-AVR-20120217/lib/gcc/avr/4.5.1/avr51/libgcc.a(_si_to_sf.o)
 .debug_pubtypes
                0x0000054a       0x91 /usr/local/CrossPack-AVR-20120217/lib/gcc/avr/4.5.1/avr51/libgcc.a(_sf_to_si.o)
 .debug_pubtypes
                0x000005db       0x5b /usr/local/CrossPack-AVR-20120217/lib/gcc/avr/4.5.1/avr51/libgcc.a(_thenan_sf.o)
 .debug_pubtypes
                0x00000636       0x35 /usr/local/CrossPack-AVR-20120217/lib/gcc/avr/4.5.1/avr51/libgcc.a(_clzsi2.o)
 .debug_pubtypes
                0x0000066b       0x86 /usr/local/CrossPack-AVR-20120217/lib/gcc/avr/4.5.1/avr51/libgcc.a(_pack_sf.o)
 .debug_pubtypes
                0x000006f1       0x86 /usr/local/CrossPack-AVR-20120217/lib/gcc/avr/4.5.1/avr51/libgcc.a(_unpack_sf.o)
 .debug_pubtypes
                0x00000777       0x5b /usr/local/CrossPack-AVR-20120217/lib/gcc/avr/4.5.1/avr51/libgcc.a(_fpcmp_parts_sf.o)
 .debug_pubtypes
                0x000007d2       0x1e /usr/local/CrossPack-AVR-20120217/lib/gcc/avr/4.5.1/avr51/libgcc.a(_clz.o)

.debug_ranges   0x00000000       0x48
 .debug_ranges  0x00000000       0x30 /usr/local/CrossPack-AVR-20120217/lib/gcc/avr/4.5.1/avr51/libgcc.a(_mul_sf.o)
 .debug_ranges  0x00000030       0x18 /usr/local/CrossPack-AVR-20120217/lib/gcc/avr/4.5.1/avr51/libgcc.a(_si_to_sf.o)
